Microchip MPLAB XC8 Compiler V1.43 ()

Linker command line:

-W-3 --edf=/opt/microchip/xc8/v1.43/dat/en_msgs.txt -cs \
  -h+dist/default/debug/SpotLight_LED.X.debug.sym \
  --cmf=dist/default/debug/SpotLight_LED.X.debug.cmf -z -Q12F1822 \
  -o/tmp/xcX6GofO9 -Mdist/default/debug/SpotLight_LED.X.debug.map -E1 \
  -ver=XC8 -ASTACK=0204Dh-0205fh -pstack=STACK -ACODE=00h-07FFh \
  -ASTRCODE=00h-07FFh -ASTRING=00h-0FFhx8 -ACONST=00h-0FFhx8 \
  -AENTRY=00h-0FFhx8 -ACOMMON=070h-07Fh -ABANK0=020h-06Fh -ABANK1=0A0h-0AFh \
  -ABIGRAM=02000h-0205Fh -ARAM=020h-06Fh,0A0h-0AFh \
  -AABS1=020h-07Fh,0A0h-0BFh -ASFR0=00h-01Fh -ASFR1=080h-09Fh \
  -ASFR2=0100h-016Fh -ASFR3=0180h-01EFh -ASFR4=0200h-026Fh \
  -ASFR5=0280h-02EFh -ASFR6=0300h-036Fh -ASFR7=0380h-03EFh \
  -ASFR8=0400h-046Fh -ASFR9=0480h-04EFh -ASFR10=0500h-056Fh \
  -ASFR11=0580h-05EFh -ASFR12=0600h-066Fh -ASFR13=0680h-06EFh \
  -ASFR14=0700h-076Fh -ASFR15=0780h-07EFh -ASFR16=0800h-086Fh \
  -ASFR17=0880h-08EFh -ASFR18=0900h-096Fh -ASFR19=0980h-09EFh \
  -ASFR20=0A00h-0A6Fh -ASFR21=0A80h-0AEFh -ASFR22=0B00h-0B6Fh \
  -ASFR23=0B80h-0BEFh -ASFR24=0C00h-0C6Fh -ASFR25=0C80h-0CEFh \
  -ASFR26=0D00h-0D6Fh -ASFR27=0D80h-0DEFh -ASFR28=0E00h-0E6Fh \
  -ASFR29=0E80h-0EEFh -ASFR30=0F00h-0F6Fh -ASFR31=0F80h-0FEFh \
  -preset_vec=00h,intentry=04h,init,end_init -ppowerup=CODE -pcinit=CODE \
  -pfunctab=ENTRY -ACONFIG=08007h-08008h -pconfig=CONFIG -DCONFIG=2 \
  -AIDLOC=08000h-08003h -pidloc=IDLOC -DIDLOC=2 -AEEDATA=00h-0FFh/0F000h \
  -peeprom_data=EEDATA -DEEDATA=2 -DCODE=2 -DSTRCODE=2 -DSTRING=2 -DCONST=2 \
  -DENTRY=2 -k /tmp/xcXfb6zjs.obj \
  dist/default/debug/SpotLight_LED.X.debug.obj 

Object code version is 3.11

Machine type is 12F1822



                Name                               Link     Load   Length Selector   Space Scale
/tmp/xcXfb6zjs.obj
                end_init                             15       15        1        8       0
                reset_vec                             0        0        2        0       0
                config                             8007     8007        2    1000E       0
dist/default/debug/SpotLight_LED.X.debug.obj
                cinit                                16       16        E        8       0
                intentry                              4        4       11        8       0
                text19                              352      352        B      6A4       0
                text18                              2A4      2A4       27        8       0
                text17                              252      252       2B        8       0
                text16                              12E      12E       52        8       0
                text14                              339      339        D      654       0
                text13                              307      307       13        8       0
                text12                              2F0      2F0       17        8       0
                text11                              27D      27D       27        8       0
                text10                              32A      32A        F      654       0
                text9                               180      180       39        8       0
                text8                               1F0      1F0       35        8       0
                text7                               225      225       2D        8       0
                text6                               36F      36F        8      6DE       0
                text5                               382      382        5      6DE       0
                text4                                24       24       AE        8       0
                text3                                D2       D2       5C        8       0
                text2                               37D      37D        5      6DE       0
                text1                               2CB      2CB       25        8       0
                maintext                            1B9      1B9       37        8       0
                cstackBANK0                          20       20       2C       20       1
                cstackCOMMON                         75       75        5       70       1
                clrtext                             377      377        6      6DE       0
                bssBANK0                             4C       4C       20       20       1
                bssCOMMON                            70       70        5       70       1
                stringtext5                         387      387        2      70E       0
                stringtext4                         367      367        8      6BA       0
                stringtext3                         346      346        C      68C       0
                nvBANK0                              6C       6C        1       20       1
                stringtext2                         35D      35D        A      6BA       0
                stringtext1                         31A      31A       10      634       0

TOTAL           Name                               Link     Load   Length     Space
        CLASS   STACK          

        CLASS   CODE           
                end_init                             15       15        1         0
                cinit                                16       16        E         0
                intentry                              4        4       11         0
                reset_vec                             0        0        2         0
                text19                              352      352        B         0
                text18                              2A4      2A4       27         0
                text17                              252      252       2B         0
                text16                              12E      12E       52         0
                text14                              339      339        D         0
                text13                              307      307       13         0
                text12                              2F0      2F0       17         0
                text11                              27D      27D       27         0
                text10                              32A      32A        F         0
                text9                               180      180       39         0
                text8                               1F0      1F0       35         0
                text7                               225      225       2D         0
                text6                               36F      36F        8         0
                text5                               382      382        5         0
                text4                                24       24       AE         0
                text3                                D2       D2       5C         0
                text2                               37D      37D        5         0
                text1                               2CB      2CB       25         0
                maintext                            1B9      1B9       37         0
                clrtext                             377      377        6         0

        CLASS   STRCODE        
                stringtext5                         387      387        2         0
                stringtext4                         367      367        8         0
                stringtext3                         346      346        C         0
                stringtext2                         35D      35D        A         0
                stringtext1                         31A      31A       10         0

        CLASS   STRING         

        CLASS   CONST          

        CLASS   ENTRY          

        CLASS   COMMON         
                cstackCOMMON                         75       75        5         1
                bssCOMMON                            70       70        5         1

        CLASS   BANK0          
                cstackBANK0                          20       20       2C         1
                bssBANK0                             4C       4C       20         1
                nvBANK0                              6C       6C        1         1

        CLASS   BANK1          

        CLASS   BIGRAM         

        CLASS   RAM            

        CLASS   ABS1           
                abs_s1                               7E       7E        2         1

        CLASS   SFR0           

        CLASS   SFR1           

        CLASS   SFR2           

        CLASS   SFR3           

        CLASS   SFR4           

        CLASS   SFR5           

        CLASS   SFR6           

        CLASS   SFR7           

        CLASS   SFR8           

        CLASS   SFR9           

        CLASS   SFR10          

        CLASS   SFR11          

        CLASS   SFR12          

        CLASS   SFR13          

        CLASS   SFR14          

        CLASS   SFR15          

        CLASS   SFR16          

        CLASS   SFR17          

        CLASS   SFR18          

        CLASS   SFR19          

        CLASS   SFR20          

        CLASS   SFR21          

        CLASS   SFR22          

        CLASS   SFR23          

        CLASS   SFR24          

        CLASS   SFR25          

        CLASS   SFR26          

        CLASS   SFR27          

        CLASS   SFR28          

        CLASS   SFR29          

        CLASS   SFR30          

        CLASS   SFR31          

        CLASS   CONFIG         
                config                             8007     8007        2         0

        CLASS   IDLOC          

        CLASS   EEDATA         

        CLASS   BANK31         

        CLASS   BANK30         

        CLASS   BANK29         

        CLASS   BANK28         

        CLASS   BANK27         

        CLASS   BANK26         

        CLASS   BANK25         

        CLASS   BANK24         

        CLASS   BANK23         

        CLASS   BANK22         

        CLASS   BANK21         

        CLASS   BANK20         

        CLASS   BANK19         

        CLASS   BANK18         

        CLASS   BANK17         

        CLASS   BANK16         

        CLASS   BANK15         

        CLASS   BANK14         

        CLASS   BANK13         

        CLASS   BANK12         

        CLASS   BANK11         

        CLASS   BANK10         

        CLASS   BANK9          

        CLASS   BANK8          

        CLASS   BANK7          

        CLASS   BANK6          

        CLASS   BANK5          

        CLASS   BANK4          

        CLASS   BANK3          

        CLASS   BANK2          



SEGMENTS        Name                           Load    Length   Top    Selector   Space  Class     Delta

                reset_vec                      000000  000002  000002         0       0  CODE        2
                intentry                       000004  000316  00031A         8       0  CODE        2
                cstackBANK0                    000020  00004D  00006D        20       1  BANK0       1
                bssCOMMON                      000070  00000A  00007A        70       1  COMMON      1
                stringtext1                    00031A  000010  00032A       634       0  STRCODE     2
                text10                         00032A  00001C  000346       654       0  CODE        2
                stringtext3                    000346  00000C  000352       68C       0  STRCODE     2
                text19                         000352  00000B  00035D       6A4       0  CODE        2
                stringtext2                    00035D  000012  00036F       6BA       0  STRCODE     2
                text6                          00036F  000018  000387       6DE       0  CODE        2
                stringtext5                    000387  000002  000389       70E       0  STRCODE     2
                config                         008007  000002  008009     1000E       0  CONFIG      2


UNUSED ADDRESS RANGES

        Name                Unused          Largest block    Delta
        BANK0            0006D-0006F               3           1
        BANK1            000A0-000AF              10           1
        BIGRAM           02000-0205F              60           1
        CODE             00002-00003               2           2
                         00389-007FF             477
        COMMON           0007A-0007D               4           1
        CONST            00002-00003               2           2
                         00389-007FF             100
        EEDATA           0F000-0F0FF             100           2
        ENTRY            00002-00003               2           2
                         00389-007FF             100
        IDLOC            08000-08003               4           2
        RAM              0006D-0006F               3           1
                         000A0-000AF              10
        SFR0             00000-0001F              20           1
        SFR1             00080-0009F              20           1
        SFR10            00500-0056F              70           1
        SFR11            00580-005EF              70           1
        SFR12            00600-0066F              70           1
        SFR13            00680-006EF              70           1
        SFR14            00700-0076F              70           1
        SFR15            00780-007EF              70           1
        SFR16            00800-0086F              70           1
        SFR17            00880-008EF              70           1
        SFR18            00900-0096F              70           1
        SFR19            00980-009EF              70           1
        SFR2             00100-0016F              70           1
        SFR20            00A00-00A6F              70           1
        SFR21            00A80-00AEF              70           1
        SFR22            00B00-00B6F              70           1
        SFR23            00B80-00BEF              70           1
        SFR24            00C00-00C6F              70           1
        SFR25            00C80-00CEF              70           1
        SFR26            00D00-00D6F              70           1
        SFR27            00D80-00DEF              70           1
        SFR28            00E00-00E6F              70           1
        SFR29            00E80-00EEF              70           1
        SFR3             00180-001EF              70           1
        SFR30            00F00-00F6F              70           1
        SFR31            00F80-00FEF              70           1
        SFR4             00200-0026F              70           1
        SFR5             00280-002EF              70           1
        SFR6             00300-0036F              70           1
        SFR7             00380-003EF              70           1
        SFR8             00400-0046F              70           1
        SFR9             00480-004EF              70           1
        STACK            0204D-0205F              13           1
        STRCODE          00002-00003               2           2
                         00389-007FF             477
        STRING           00002-00003               2           2
                         00389-007FF             100

                                  Symbol Table

?___lwdiv                       cstackBANK0  00020
?___lwmod                       cstackBANK0  00028
?_printf                        cstackBANK0  0002E
PWM_Init@PMW_Init_PORT          cstackBANK0  00021
PWM_Init@period                 cstackBANK0  00024
PWM_Init@pre_val                cstackBANK0  00023
Timer0_Init@pre_val             cstackBANK0  00022
Timer0_Init@reload_val          cstackBANK0  00020
UART_Init@UART_Init_PORT        cstackBANK0  00021
UART_Init@brg                   cstackBANK0  00023
UART_Interrupt@dt               cstackCOMMON 00076
UART_Interrupt@x                cstackCOMMON 00077
UART_Transmit@dt                cstackBANK0  00020
_ANSELA                         (abs)        0018C
_APFCON                         (abs)        0011D
_BRG16                          (abs)        00CFB
_Basic_Init                     text14       00339
_CCP1CON                        (abs)        00293
_CCPR1L                         (abs)        00291
_CPSCON0                        (abs)        0001E
_CPSCON1                        (abs)        0001F
_CREN                           (abs)        00CEC
_GIE                            (abs)        0005F
_Handler                        intentry     00004
_OERR                           (abs)        00CE9
_OPTION_REG                     (abs)        00095
_OSCCON                         (abs)        00099
_PEIE                           (abs)        0005E
_PORTA                          (abs)        0000C
_PR2                            (abs)        0001B
_PWM_Init                       text12       002F0
_PWM_Init_Port                  text13       00307
_RCIE                           (abs)        0048D
_RCIF                           (abs)        0008D
_RCREG                          (abs)        00199
_RCSTA                          (abs)        0019D
_SPBRGH                         (abs)        0019C
_SPBRGL                         (abs)        0019B
_SPEN                           (abs)        00CEF
_T1CON                          (abs)        00018
_T1GCON                         (abs)        00019
_T2CON                          (abs)        0001C
_TMR0                           (abs)        00015
_TMR0IE                         (abs)        0005D
_TMR0IF                         (abs)        0005A
_TMR0_ReloadTemp                nvBANK0      0006C
_TMR1                           (abs)        00016
_TMR2                           (abs)        0001A
_TRISA                          (abs)        0008C
_TXIF                           (abs)        0008C
_TXREG                          (abs)        0019A
_TXSTA                          (abs)        0019E
_Timer0_CheckFlag               text19       00352
_Timer0_Init                    text11       0027D
_UART_Buffer                    bssBANK0     0004C
_UART_Buffer_inptr              bssCOMMON    00074
_UART_Buffer_outptr             bssCOMMON    00073
_UART_Init                      text9        00180
_UART_Init_Port                 text10       0032A
_UART_Interrupt                 text18       002A4
_UART_Transmit                  text6        0036F
_WPUA                           (abs)        0020C
__CFG_BOREN$OFF                 (abs)        00000
__CFG_BORV$LO                   (abs)        00000
__CFG_CLKOUTEN$OFF              (abs)        00000
__CFG_CP$OFF                    (abs)        00000
__CFG_CPD$OFF                   (abs)        00000
__CFG_FCMEN$OFF                 (abs)        00000
__CFG_FOSC$INTOSC               (abs)        00000
__CFG_IESO$OFF                  (abs)        00000
__CFG_LVP$OFF                   (abs)        00000
__CFG_MCLRE$ON                  (abs)        00000
__CFG_PLLEN$ON                  (abs)        00000
__CFG_PWRTE$OFF                 (abs)        00000
__CFG_STVREN$OFF                (abs)        00000
__CFG_WDTE$OFF                  (abs)        00000
__CFG_WRT$OFF                   (abs)        00000
__Habs1                         abs1         00000
__Hbank0                        bank0        00000
__Hbank1                        bank1        00000
__Hbank10                       bank10       00000
__Hbank11                       bank11       00000
__Hbank12                       bank12       00000
__Hbank13                       bank13       00000
__Hbank14                       bank14       00000
__Hbank15                       bank15       00000
__Hbank16                       bank16       00000
__Hbank17                       bank17       00000
__Hbank18                       bank18       00000
__Hbank19                       bank19       00000
__Hbank2                        bank2        00000
__Hbank20                       bank20       00000
__Hbank21                       bank21       00000
__Hbank22                       bank22       00000
__Hbank23                       bank23       00000
__Hbank24                       bank24       00000
__Hbank25                       bank25       00000
__Hbank26                       bank26       00000
__Hbank27                       bank27       00000
__Hbank28                       bank28       00000
__Hbank29                       bank29       00000
__Hbank3                        bank3        00000
__Hbank30                       bank30       00000
__Hbank31                       bank31       00000
__Hbank4                        bank4        00000
__Hbank5                        bank5        00000
__Hbank6                        bank6        00000
__Hbank7                        bank7        00000
__Hbank8                        bank8        00000
__Hbank9                        bank9        00000
__Hbigram                       bigram       00000
__HbssBANK0                     bssBANK0     00000
__HbssCOMMON                    bssCOMMON    00000
__Hcinit                        cinit        00024
__Hclrtext                      clrtext      00000
__Hcode                         code         00000
__Hcommon                       common       00000
__Hconfig                       config       08009
__HcstackBANK0                  cstackBANK0  00000
__HcstackCOMMON                 cstackCOMMON 00000
__Heeprom_data                  eeprom_data  00000
__Hend_init                     end_init     00016
__Hfunctab                      functab      00000
__Hidloc                        idloc        00000
__Hinit                         init         00015
__Hintentry                     intentry     00015
__Hmaintext                     maintext     00000
__HnvBANK0                      nvBANK0      00000
__Hpowerup                      powerup      00000
__Hram                          ram          00000
__Hreset_vec                    reset_vec    00002
__Hsfr0                         sfr0         00000
__Hsfr1                         sfr1         00000
__Hsfr10                        sfr10        00000
__Hsfr11                        sfr11        00000
__Hsfr12                        sfr12        00000
__Hsfr13                        sfr13        00000
__Hsfr14                        sfr14        00000
__Hsfr15                        sfr15        00000
__Hsfr16                        sfr16        00000
__Hsfr17                        sfr17        00000
__Hsfr18                        sfr18        00000
__Hsfr19                        sfr19        00000
__Hsfr2                         sfr2         00000
__Hsfr20                        sfr20        00000
__Hsfr21                        sfr21        00000
__Hsfr22                        sfr22        00000
__Hsfr23                        sfr23        00000
__Hsfr24                        sfr24        00000
__Hsfr25                        sfr25        00000
__Hsfr26                        sfr26        00000
__Hsfr27                        sfr27        00000
__Hsfr28                        sfr28        00000
__Hsfr29                        sfr29        00000
__Hsfr3                         sfr3         00000
__Hsfr30                        sfr30        00000
__Hsfr31                        sfr31        00000
__Hsfr4                         sfr4         00000
__Hsfr5                         sfr5         00000
__Hsfr6                         sfr6         00000
__Hsfr7                         sfr7         00000
__Hsfr8                         sfr8         00000
__Hsfr9                         sfr9         00000
__Hspace_0                      (abs)        08009
__Hspace_1                      (abs)        0007A
__Hspace_2                      (abs)        00000
__Hspace_3                      (abs)        00000
__Hstack                        stack        00000
__Hstrings                      strings      00000
__Hstringtext1                  stringtext1  00000
__Hstringtext2                  stringtext2  00000
__Hstringtext3                  stringtext3  00000
__Hstringtext4                  stringtext4  00000
__Hstringtext5                  stringtext5  00000
__Hstringtext6                  stringtext6  00000
__Htext                         text         00000
__Labs1                         abs1         00000
__Lbank0                        bank0        00000
__Lbank1                        bank1        00000
__Lbank10                       bank10       00000
__Lbank11                       bank11       00000
__Lbank12                       bank12       00000
__Lbank13                       bank13       00000
__Lbank14                       bank14       00000
__Lbank15                       bank15       00000
__Lbank16                       bank16       00000
__Lbank17                       bank17       00000
__Lbank18                       bank18       00000
__Lbank19                       bank19       00000
__Lbank2                        bank2        00000
__Lbank20                       bank20       00000
__Lbank21                       bank21       00000
__Lbank22                       bank22       00000
__Lbank23                       bank23       00000
__Lbank24                       bank24       00000
__Lbank25                       bank25       00000
__Lbank26                       bank26       00000
__Lbank27                       bank27       00000
__Lbank28                       bank28       00000
__Lbank29                       bank29       00000
__Lbank3                        bank3        00000
__Lbank30                       bank30       00000
__Lbank31                       bank31       00000
__Lbank4                        bank4        00000
__Lbank5                        bank5        00000
__Lbank6                        bank6        00000
__Lbank7                        bank7        00000
__Lbank8                        bank8        00000
__Lbank9                        bank9        00000
__Lbigram                       bigram       00000
__LbssBANK0                     bssBANK0     00000
__LbssCOMMON                    bssCOMMON    00000
__Lcinit                        cinit        00016
__Lclrtext                      clrtext      00000
__Lcode                         code         00000
__Lcommon                       common       00000
__Lconfig                       config       08007
__LcstackBANK0                  cstackBANK0  00000
__LcstackCOMMON                 cstackCOMMON 00000
__Leeprom_data                  eeprom_data  00000
__Lend_init                     end_init     00015
__Lfunctab                      functab      00000
__Lidloc                        idloc        00000
__Linit                         init         00015
__Lintentry                     intentry     00004
__Lmaintext                     maintext     00000
__LnvBANK0                      nvBANK0      00000
__Lpowerup                      powerup      00000
__Lram                          ram          00000
__Lreset_vec                    reset_vec    00000
__Lsfr0                         sfr0         00000
__Lsfr1                         sfr1         00000
__Lsfr10                        sfr10        00000
__Lsfr11                        sfr11        00000
__Lsfr12                        sfr12        00000
__Lsfr13                        sfr13        00000
__Lsfr14                        sfr14        00000
__Lsfr15                        sfr15        00000
__Lsfr16                        sfr16        00000
__Lsfr17                        sfr17        00000
__Lsfr18                        sfr18        00000
__Lsfr19                        sfr19        00000
__Lsfr2                         sfr2         00000
__Lsfr20                        sfr20        00000
__Lsfr21                        sfr21        00000
__Lsfr22                        sfr22        00000
__Lsfr23                        sfr23        00000
__Lsfr24                        sfr24        00000
__Lsfr25                        sfr25        00000
__Lsfr26                        sfr26        00000
__Lsfr27                        sfr27        00000
__Lsfr28                        sfr28        00000
__Lsfr29                        sfr29        00000
__Lsfr3                         sfr3         00000
__Lsfr30                        sfr30        00000
__Lsfr31                        sfr31        00000
__Lsfr4                         sfr4         00000
__Lsfr5                         sfr5         00000
__Lsfr6                         sfr6         00000
__Lsfr7                         sfr7         00000
__Lsfr8                         sfr8         00000
__Lsfr9                         sfr9         00000
__Lspace_0                      (abs)        00000
__Lspace_1                      (abs)        00000
__Lspace_2                      (abs)        00000
__Lspace_3                      (abs)        00000
__Lstack                        stack        00000
__Lstrings                      strings      00000
__Lstringtext1                  stringtext1  00000
__Lstringtext2                  stringtext2  00000
__Lstringtext3                  stringtext3  00000
__Lstringtext4                  stringtext4  00000
__Lstringtext5                  stringtext5  00000
__Lstringtext6                  stringtext6  00000
__Ltext                         text         00000
__S0                            (abs)        08009
__S1                            (abs)        0007A
__S2                            (abs)        00000
__S3                            (abs)        00000
___int_sp                       stack        00000
___latbits                      (abs)        00000
___lwdiv                        text8        001F0
___lwdiv@counter                cstackBANK0  00025
___lwdiv@dividend               cstackBANK0  00022
___lwdiv@divisor                cstackBANK0  00020
___lwdiv@quotient               cstackBANK0  00026
___lwmod                        text7        00225
___lwmod@counter                cstackBANK0  0002D
___lwmod@dividend               cstackBANK0  0002A
___lwmod@divisor                cstackBANK0  00028
___sp                           stack        00000
__end_of_Basic_Init             text14       00346
__end_of_Handler                intentry     00015
__end_of_PWM_Init               text12       00307
__end_of_PWM_Init_Port          text13       0031A
__end_of_Timer0_CheckFlag       text19       0035D
__end_of_Timer0_Init            text11       002A4
__end_of_UART_Init              text9        001B9
__end_of_UART_Init_Port         text10       00339
__end_of_UART_Interrupt         text18       002CB
__end_of_UART_Transmit          text6        00377
__end_of___lwdiv                text8        00225
__end_of___lwmod                text7        00252
__end_of__initialization        cinit        00021
__end_of_baudtable              stringtext1  0032A
__end_of_dpowers                stringtext2  00367
__end_of_mTouch_Count1ms        text17       0027D
__end_of_mTouch_Display_Config  text3        0012E
__end_of_mTouch_Init            text1        002F0
__end_of_mTouch_Init_Port       text2        00382
__end_of_mTouch_Scan            text16       00180
__end_of_main                   maintext     001F0
__end_of_printf                 text4        000D2
__end_of_putch                  text5        00387
__initialization                cinit        00016
__pbssBANK0                     bssBANK0     0004C
__pbssCOMMON                    bssCOMMON    00070
__pcstackBANK0                  cstackBANK0  00020
__pcstackCOMMON                 cstackCOMMON 00075
__pintentry                     intentry     00004
__pmaintext                     maintext     001B9
__pnvBANK0                      nvBANK0      0006C
__pstringtext1                  stringtext1  0031A
__pstringtext2                  stringtext2  0035D
__pstringtext3                  stringtext3  00346
__pstringtext4                  stringtext4  00367
__pstringtext5                  stringtext5  00387
__pstringtext6                  stringtext6  00000
__ptext1                        text1        002CB
__ptext10                       text10       0032A
__ptext11                       text11       0027D
__ptext12                       text12       002F0
__ptext13                       text13       00307
__ptext14                       text14       00339
__ptext16                       text16       0012E
__ptext17                       text17       00252
__ptext18                       text18       002A4
__ptext19                       text19       00352
__ptext2                        text2        0037D
__ptext3                        text3        000D2
__ptext4                        text4        00024
__ptext5                        text5        00382
__ptext6                        text6        0036F
__ptext7                        text7        00225
__ptext8                        text8        001F0
__ptext9                        text9        00180
__size_of_Basic_Init            (abs)        00000
__size_of_Handler               (abs)        00000
__size_of_PWM_Init              (abs)        00000
__size_of_PWM_Init_Port         (abs)        00000
__size_of_Timer0_CheckFlag      (abs)        00000
__size_of_Timer0_Init           (abs)        00000
__size_of_UART_Init             (abs)        00000
__size_of_UART_Init_Port        (abs)        00000
__size_of_UART_Interrupt        (abs)        00000
__size_of_UART_Transmit         (abs)        00000
__size_of___lwdiv               (abs)        00000
__size_of___lwmod               (abs)        00000
__size_of_mTouch_Count1ms       (abs)        00000
__size_of_mTouch_Display_Config (abs)        00000
__size_of_mTouch_Init           (abs)        00000
__size_of_mTouch_Init_Port      (abs)        00000
__size_of_mTouch_Scan           (abs)        00000
__size_of_main                  (abs)        00000
__size_of_printf                (abs)        00000
__size_of_putch                 (abs)        00000
_baudtable                      stringtext1  0031A
_config_ptr                     bssCOMMON    00072
_dpowers                        stringtext2  0035D
_mTouch_Count1ms                text17       00252
_mTouch_Display_Config          text3        000D2
_mTouch_Init                    text1        002CB
_mTouch_Init_Port               text2        0037D
_mTouch_Scan                    text16       0012E
_main                           maintext     001B9
_printf                         text4        00024
_putch                          text5        00382
_using_channel                  bssCOMMON    00071
btemp                           (abs)        0007E
clear_ram0                      clrtext      00377
end_of_initialization           cinit        00021
int$flags                       (abs)        0007E
intlevel0                       functab      00000
intlevel1                       functab      00000
intlevel2                       functab      00000
intlevel3                       functab      00000
intlevel4                       functab      00000
intlevel5                       functab      00000
mTouch_Count1ms@elements        cstackCOMMON 00077
mTouch_Display_Config@elements  cstackBANK0  00042
mTouch_Init@cps_config          cstackBANK0  00022
mTouch_Init@mTouch_PortInit     cstackBANK0  00020
mTouch_Init@num_of_channel      cstackBANK0  00023
mTouch_Scan@elements            bssCOMMON    00070
main@cps_conf                   cstackBANK0  00044
printf@ap                       cstackBANK0  00036
printf@c                        cstackBANK0  0003B
printf@f                        cstackBANK0  0002E
printf@flag                     cstackBANK0  00037
printf@prec                     cstackBANK0  00038
printf@val                      cstackBANK0  00039
putch@c                         cstackBANK0  00021
reset_vec                       reset_vec    00000
stackhi                         (abs)        0205F
stacklo                         (abs)        0204D
start                           init         00015
start_initialization            cinit        00016
wtemp0                          (abs)        0007E


FUNCTION INFORMATION:

 *************** function _main *****************
 Defined at:
		line 16 in file "main.c"
 Parameters:    Size  Location     Type
		None
 Auto vars:     Size  Location     Type
  cps_conf        8   36[BANK0 ] struct .[1]
 Return value:  Size  Location     Type
                  1    wreg      void 
 Registers used:
		wreg, fsr0l, fsr0h, fsr1l, fsr1h, status,2, status,0, pclath, cstack
 Tracked objects:
		On entry : 
		On exit  : 
		Unchanged: 
 Data sizes:     COMMON   BANK0   BANK1
      Params:         0       0       0
      Locals:         0       8       0
      Temps:          0       1       0
      Totals:         0       9       0
Total ram usage:        9 bytes
 Hardware stack levels required when called:    6
 This function calls:
		_Basic_Init
		_PWM_Init
		_Timer0_Init
		_UART_Init
		_mTouch_Display_Config
		_mTouch_Init
 This function is called by:
		Startup code after reset
 This function uses a non-reentrant model


 *************** function _mTouch_Init *****************
 Defined at:
		line 6 in file "PIC_mTouch.c"
 Parameters:    Size  Location     Type
  mTouch_PortI    2    0[BANK0 ] PTR FTN()void 
		 -> mTouch_Init_Port(1), 
  cps_config      1    2[BANK0 ] PTR struct .
		 -> main@cps_conf(8), 
  num_of_chann    1    3[BANK0 ] unsigned char 
 Auto vars:     Size  Location     Type
		None
 Return value:  Size  Location     Type
                  1    wreg      void 
 Registers used:
		wreg, status,2, status,0, pclath, cstack
 Tracked objects:
		On entry : 
		On exit  : 
		Unchanged: 
 Data sizes:     COMMON   BANK0   BANK1
      Params:         0       4       0
      Locals:         0       0       0
      Temps:          0       1       0
      Totals:         0       5       0
Total ram usage:        5 bytes
 Hardware stack levels used:    1
 Hardware stack levels required when called:    3
 This function calls:
		_mTouch_Init_Port
 This function is called by:
		_main
 This function uses a non-reentrant model


 *************** function _mTouch_Init_Port *****************
 Defined at:
		line 86 in file "main.c"
 Parameters:    Size  Location     Type
		None
 Auto vars:     Size  Location     Type
		None
 Return value:  Size  Location     Type
                  1    wreg      void 
 Registers used:
		None
 Tracked objects:
		On entry : 
		On exit  : 
		Unchanged: 
 Data sizes:     COMMON   BANK0   BANK1
      Params:         0       0       0
      Locals:         0       0       0
      Temps:          0       0       0
      Totals:         0       0       0
Total ram usage:        0 bytes
 Hardware stack levels used:    1
 Hardware stack levels required when called:    2
 This function calls:
		Nothing
 This function is called by:
		_main
		_mTouch_Init
 This function uses a non-reentrant model


 *************** function _mTouch_Display_Config *****************
 Defined at:
		line 74 in file "PIC_mTouch.c"
 Parameters:    Size  Location     Type
		None
 Auto vars:     Size  Location     Type
  elements        1   34[BANK0 ] unsigned char 
 Return value:  Size  Location     Type
                  1    wreg      void 
 Registers used:
		wreg, fsr0l, fsr0h, fsr1l, fsr1h, status,2, status,0, pclath, cstack
 Tracked objects:
		On entry : 
		On exit  : 
		Unchanged: 
 Data sizes:     COMMON   BANK0   BANK1
      Params:         0       0       0
      Locals:         0       1       0
      Temps:          0       6       0
      Totals:         0       7       0
Total ram usage:        7 bytes
 Hardware stack levels used:    1
 Hardware stack levels required when called:    5
 This function calls:
		_printf
 This function is called by:
		_main
 This function uses a non-reentrant model


 *************** function _printf *****************
 Defined at:
		line 464 in file "/opt/microchip/xc8/v1.43/sources/common/doprnt.c"
 Parameters:    Size  Location     Type
  f               2   14[BANK0 ] PTR const unsigned char 
		 -> STR_3(2), STR_2(8), STR_1(12), 
 Auto vars:     Size  Location     Type
  tmpval          4    0        struct .
  val             2   25[BANK0 ] unsigned int 
  cp              2    0        PTR const unsigned char 
  len             2    0        unsigned int 
  c               1   27[BANK0 ] char 
  prec            1   24[BANK0 ] char 
  flag            1   23[BANK0 ] unsigned char 
  ap              1   22[BANK0 ] PTR void [1]
		 -> ?_printf(2), 
 Return value:  Size  Location     Type
                  2   14[BANK0 ] int 
 Registers used:
		wreg, fsr0l, fsr0h, fsr1l, fsr1h, status,2, status,0, pclath, cstack
 Tracked objects:
		On entry : 
		On exit  : 
		Unchanged: 
 Data sizes:     COMMON   BANK0   BANK1
      Params:         0       4       0
      Locals:         0       6       0
      Temps:          0       4       0
      Totals:         0      14       0
Total ram usage:       14 bytes
 Hardware stack levels used:    1
 Hardware stack levels required when called:    4
 This function calls:
		___lwdiv
		___lwmod
		_putch
 This function is called by:
		_mTouch_Display_Config
 This function uses a non-reentrant model


 *************** function _putch *****************
 Defined at:
		line 77 in file "PIC_UART.c"
 Parameters:    Size  Location     Type
  c               1    wreg     unsigned char 
 Auto vars:     Size  Location     Type
  c               1    1[BANK0 ] unsigned char 
 Return value:  Size  Location     Type
                  1    wreg      void 
 Registers used:
		wreg, status,2, status,0, pclath, cstack
 Tracked objects:
		On entry : 
		On exit  : 
		Unchanged: 
 Data sizes:     COMMON   BANK0   BANK1
      Params:         0       0       0
      Locals:         0       1       0
      Temps:          0       0       0
      Totals:         0       1       0
Total ram usage:        1 bytes
 Hardware stack levels used:    1
 Hardware stack levels required when called:    3
 This function calls:
		_UART_Transmit
 This function is called by:
		_printf
 This function uses a non-reentrant model


 *************** function _UART_Transmit *****************
 Defined at:
		line 71 in file "PIC_UART.c"
 Parameters:    Size  Location     Type
  dt              1    wreg     unsigned char 
 Auto vars:     Size  Location     Type
  dt              1    0[BANK0 ] unsigned char 
 Return value:  Size  Location     Type
                  1    wreg      void 
 Registers used:
		wreg
 Tracked objects:
		On entry : 
		On exit  : 
		Unchanged: 
 Data sizes:     COMMON   BANK0   BANK1
      Params:         0       0       0
      Locals:         0       1       0
      Temps:          0       0       0
      Totals:         0       1       0
Total ram usage:        1 bytes
 Hardware stack levels used:    1
 Hardware stack levels required when called:    2
 This function calls:
		Nothing
 This function is called by:
		_putch
 This function uses a non-reentrant model


 *************** function ___lwmod *****************
 Defined at:
		line 6 in file "/opt/microchip/xc8/v1.43/sources/common/lwmod.c"
 Parameters:    Size  Location     Type
  divisor         2    8[BANK0 ] unsigned int 
  dividend        2   10[BANK0 ] unsigned int 
 Auto vars:     Size  Location     Type
  counter         1   13[BANK0 ] unsigned char 
 Return value:  Size  Location     Type
                  2    8[BANK0 ] unsigned int 
 Registers used:
		wreg, status,2, status,0
 Tracked objects:
		On entry : 
		On exit  : 
		Unchanged: 
 Data sizes:     COMMON   BANK0   BANK1
      Params:         0       4       0
      Locals:         0       1       0
      Temps:          0       1       0
      Totals:         0       6       0
Total ram usage:        6 bytes
 Hardware stack levels used:    1
 Hardware stack levels required when called:    2
 This function calls:
		Nothing
 This function is called by:
		_printf
 This function uses a non-reentrant model


 *************** function ___lwdiv *****************
 Defined at:
		line 6 in file "/opt/microchip/xc8/v1.43/sources/common/lwdiv.c"
 Parameters:    Size  Location     Type
  divisor         2    0[BANK0 ] unsigned int 
  dividend        2    2[BANK0 ] unsigned int 
 Auto vars:     Size  Location     Type
  quotient        2    6[BANK0 ] unsigned int 
  counter         1    5[BANK0 ] unsigned char 
 Return value:  Size  Location     Type
                  2    0[BANK0 ] unsigned int 
 Registers used:
		wreg, status,2, status,0
 Tracked objects:
		On entry : 
		On exit  : 
		Unchanged: 
 Data sizes:     COMMON   BANK0   BANK1
      Params:         0       4       0
      Locals:         0       3       0
      Temps:          0       1       0
      Totals:         0       8       0
Total ram usage:        8 bytes
 Hardware stack levels used:    1
 Hardware stack levels required when called:    2
 This function calls:
		Nothing
 This function is called by:
		_printf
 This function uses a non-reentrant model


 *************** function _UART_Init *****************
 Defined at:
		line 38 in file "PIC_UART.c"
 Parameters:    Size  Location     Type
  UART_Init_PO    2    1[BANK0 ] PTR FTN()void 
		 -> UART_Init_Port(1), 
  brg             1    3[BANK0 ] enum E2328
 Auto vars:     Size  Location     Type
		None
 Return value:  Size  Location     Type
                  1    wreg      void 
 Registers used:
		wreg, fsr0l, fsr0h, status,2, status,0, pclath, cstack
 Tracked objects:
		On entry : 
		On exit  : 
		Unchanged: 
 Data sizes:     COMMON   BANK0   BANK1
      Params:         0       3       0
      Locals:         0       0       0
      Temps:          0       4       0
      Totals:         0       7       0
Total ram usage:        7 bytes
 Hardware stack levels used:    1
 Hardware stack levels required when called:    3
 This function calls:
		_UART_Init_Port
 This function is called by:
		_main
 This function uses a non-reentrant model


 *************** function _UART_Init_Port *****************
 Defined at:
		line 72 in file "main.c"
 Parameters:    Size  Location     Type
		None
 Auto vars:     Size  Location     Type
		None
 Return value:  Size  Location     Type
                  1    wreg      void 
 Registers used:
		wreg, status,2, status,0
 Tracked objects:
		On entry : 
		On exit  : 
		Unchanged: 
 Data sizes:     COMMON   BANK0   BANK1
      Params:         0       0       0
      Locals:         0       0       0
      Temps:          0       1       0
      Totals:         0       1       0
Total ram usage:        1 bytes
 Hardware stack levels used:    1
 Hardware stack levels required when called:    2
 This function calls:
		Nothing
 This function is called by:
		_main
		_UART_Init
 This function uses a non-reentrant model


 *************** function _Timer0_Init *****************
 Defined at:
		line 5 in file "PIC_Timer0.c"
 Parameters:    Size  Location     Type
  pre_val         1    wreg     enum E2341
  reload_val      1    0[BANK0 ] unsigned char 
 Auto vars:     Size  Location     Type
  pre_val         1    2[BANK0 ] enum E2341
 Return value:  Size  Location     Type
                  1    wreg      void 
 Registers used:
		wreg, status,2, status,0
 Tracked objects:
		On entry : 
		On exit  : 
		Unchanged: 
 Data sizes:     COMMON   BANK0   BANK1
      Params:         0       1       0
      Locals:         0       1       0
      Temps:          0       1       0
      Totals:         0       3       0
Total ram usage:        3 bytes
 Hardware stack levels used:    1
 Hardware stack levels required when called:    2
 This function calls:
		Nothing
 This function is called by:
		_main
 This function uses a non-reentrant model


 *************** function _PWM_Init *****************
 Defined at:
		line 3 in file "PIC_PWM.c"
 Parameters:    Size  Location     Type
  PMW_Init_POR    2    1[BANK0 ] PTR FTN()void 
		 -> PWM_Init_Port(1), 
  pre_val         1    3[BANK0 ] enum E2341
  period          1    4[BANK0 ] unsigned char 
 Auto vars:     Size  Location     Type
		None
 Return value:  Size  Location     Type
                  1    wreg      void 
 Registers used:
		wreg, status,2, status,0, pclath, cstack
 Tracked objects:
		On entry : 
		On exit  : 
		Unchanged: 
 Data sizes:     COMMON   BANK0   BANK1
      Params:         0       4       0
      Locals:         0       0       0
      Temps:          0       1       0
      Totals:         0       5       0
Total ram usage:        5 bytes
 Hardware stack levels used:    1
 Hardware stack levels required when called:    3
 This function calls:
		_PWM_Init_Port
 This function is called by:
		_main
 This function uses a non-reentrant model


 *************** function _PWM_Init_Port *****************
 Defined at:
		line 79 in file "main.c"
 Parameters:    Size  Location     Type
		None
 Auto vars:     Size  Location     Type
		None
 Return value:  Size  Location     Type
                  1    wreg      void 
 Registers used:
		wreg, status,2, status,0
 Tracked objects:
		On entry : 
		On exit  : 
		Unchanged: 
 Data sizes:     COMMON   BANK0   BANK1
      Params:         0       0       0
      Locals:         0       0       0
      Temps:          0       1       0
      Totals:         0       1       0
Total ram usage:        1 bytes
 Hardware stack levels used:    1
 Hardware stack levels required when called:    2
 This function calls:
		Nothing
 This function is called by:
		_main
		_PWM_Init
 This function uses a non-reentrant model


 *************** function _Basic_Init *****************
 Defined at:
		line 44 in file "main.c"
 Parameters:    Size  Location     Type
		None
 Auto vars:     Size  Location     Type
		None
 Return value:  Size  Location     Type
                  1    wreg      void 
 Registers used:
		wreg, status,2
 Tracked objects:
		On entry : 
		On exit  : 
		Unchanged: 
 Data sizes:     COMMON   BANK0   BANK1
      Params:         0       0       0
      Locals:         0       0       0
      Temps:          0       0       0
      Totals:         0       0       0
Total ram usage:        0 bytes
 Hardware stack levels used:    1
 Hardware stack levels required when called:    2
 This function calls:
		Nothing
 This function is called by:
		_main
 This function uses a non-reentrant model


 *************** function _Handler *****************
 Defined at:
		line 61 in file "main.c"
 Parameters:    Size  Location     Type
		None
 Auto vars:     Size  Location     Type
		None
 Return value:  Size  Location     Type
                  1    wreg      void 
 Registers used:
		wreg, fsr0l, fsr0h, fsr1l, fsr1h, status,2, status,0, pclath, cstack
 Tracked objects:
		On entry : 
		On exit  : 
		Unchanged: 
 Data sizes:     COMMON   BANK0   BANK1
      Params:         0       0       0
      Locals:         0       0       0
      Temps:          1       0       0
      Totals:         1       0       0
Total ram usage:        1 bytes
 Hardware stack levels used:    1
 Hardware stack levels required when called:    1
 This function calls:
		_Timer0_CheckFlag
		_UART_Interrupt
		_mTouch_Count1ms
		_mTouch_Scan
 This function is called by:
		Interrupt level 1
 This function uses a non-reentrant model


 *************** function _mTouch_Scan *****************
 Defined at:
		line 33 in file "PIC_mTouch.c"
 Parameters:    Size  Location     Type
		None
 Auto vars:     Size  Location     Type
		None
 Return value:  Size  Location     Type
                  1    wreg      void 
 Registers used:
		wreg, fsr0l, fsr0h, fsr1l, fsr1h, status,2, status,0
 Tracked objects:
		On entry : 
		On exit  : 
		Unchanged: 
 Data sizes:     COMMON   BANK0   BANK1
      Params:         0       0       0
      Locals:         0       0       0
      Temps:          4       0       0
      Totals:         4       0       0
Total ram usage:        4 bytes
 Hardware stack levels used:    1
 This function calls:
		Nothing
 This function is called by:
		_Handler
 This function uses a non-reentrant model


 *************** function _mTouch_Count1ms *****************
 Defined at:
		line 51 in file "PIC_mTouch.c"
 Parameters:    Size  Location     Type
		None
 Auto vars:     Size  Location     Type
  elements        1    2[COMMON] unsigned char 
 Return value:  Size  Location     Type
                  1    wreg      void 
 Registers used:
		wreg, fsr1l, fsr1h, status,2, status,0
 Tracked objects:
		On entry : 
		On exit  : 
		Unchanged: 
 Data sizes:     COMMON   BANK0   BANK1
      Params:         0       0       0
      Locals:         1       0       0
      Temps:          2       0       0
      Totals:         3       0       0
Total ram usage:        3 bytes
 Hardware stack levels used:    1
 This function calls:
		Nothing
 This function is called by:
		_Handler
 This function uses a non-reentrant model


 *************** function _UART_Interrupt *****************
 Defined at:
		line 108 in file "PIC_UART.c"
 Parameters:    Size  Location     Type
		None
 Auto vars:     Size  Location     Type
  x               1    2[COMMON] unsigned char 
  dt              1    1[COMMON] unsigned char 
 Return value:  Size  Location     Type
                  1    wreg      void 
 Registers used:
		wreg, fsr1l, fsr1h, status,2, status,0
 Tracked objects:
		On entry : 
		On exit  : 
		Unchanged: 
 Data sizes:     COMMON   BANK0   BANK1
      Params:         0       0       0
      Locals:         2       0       0
      Temps:          1       0       0
      Totals:         3       0       0
Total ram usage:        3 bytes
 Hardware stack levels used:    1
 This function calls:
		Nothing
 This function is called by:
		_Handler
 This function uses a non-reentrant model


 *************** function _Timer0_CheckFlag *****************
 Defined at:
		line 21 in file "PIC_Timer0.c"
 Parameters:    Size  Location     Type
		None
 Auto vars:     Size  Location     Type
		None
 Return value:  Size  Location     Type
                  1    wreg      unsigned char 
 Registers used:
		wreg
 Tracked objects:
		On entry : 
		On exit  : 
		Unchanged: 
 Data sizes:     COMMON   BANK0   BANK1
      Params:         0       0       0
      Locals:         0       0       0
      Temps:          0       0       0
      Totals:         0       0       0
Total ram usage:        0 bytes
 Hardware stack levels used:    1
 This function calls:
		Nothing
 This function is called by:
		_Handler
 This function uses a non-reentrant model



MODULE INFORMATION

Module		Function		Class		Link	Load	Size
PIC_UART.c
		_putch         		CODE           	0382	0000	6
		_UART_Init     		CODE           	0180	0000	58
		_UART_Interrupt		CODE           	02A4	0000	40
		_UART_Transmit 		CODE           	036F	0000	9

PIC_UART.c estimated size: 113

/opt/microchip/xc8/v1.43/sources/common/doprnt.c
		_printf        		CODE           	0024	0000	175

/opt/microchip/xc8/v1.43/sources/common/doprnt.c estimated size: 175

/opt/microchip/xc8/v1.43/sources/common/lwdiv.c
		___lwdiv       		CODE           	01F0	0000	54

/opt/microchip/xc8/v1.43/sources/common/lwdiv.c estimated size: 54

shared
		_dpowers       		STRCODE        	035D	0000	11
		__initialization		CODE           	0016	0000	12
		_baudtable     		STRCODE        	031A	0000	17

shared estimated size: 40

PIC_PWM.c
		_PWM_Init      		CODE           	02F0	0000	24

PIC_PWM.c estimated size: 24

PIC_Timer0.c
		_Timer0_Init   		CODE           	027D	0000	40
		_Timer0_CheckFlag		CODE           	0352	0000	12

PIC_Timer0.c estimated size: 52

PIC_mTouch.c
		_mTouch_Scan   		CODE           	012E	0000	83
		_mTouch_Init   		CODE           	02CB	0000	38
		_mTouch_Count1ms		CODE           	0252	0000	44
		_mTouch_Display_Config		CODE           	00D2	0000	93

PIC_mTouch.c estimated size: 258

main.c
		_Handler       		CODE           	0004	0000	18
		_PWM_Init_Port 		CODE           	0307	0000	20
		_mTouch_Init_Port		CODE           	037D	0000	6
		_main          		CODE           	01B9	0000	56
		_UART_Init_Port		CODE           	032A	0000	16
		_Basic_Init    		CODE           	0339	0000	14

main.c estimated size: 130

/opt/microchip/xc8/v1.43/sources/common/lwmod.c
		___lwmod       		CODE           	0225	0000	46

/opt/microchip/xc8/v1.43/sources/common/lwmod.c estimated size: 46

