Microchip MPLAB XC8 Compiler V1.43 ()

Linker command line:

-W-3 --edf=/opt/microchip/xc8/v1.43/dat/en_msgs.txt -cs \
  -h+dist/default/production/SpotLight_LED.X.production.sym \
  --cmf=dist/default/production/SpotLight_LED.X.production.cmf -z -Q12F1822 \
  -o/tmp/xcXntpDWY -Mdist/default/production/SpotLight_LED.X.production.map \
  -E1 -ver=XC8 -ASTACK=02035h-0206fh -pstack=STACK -ACODE=00h-07FFh \
  -ASTRCODE=00h-07FFh -ASTRING=00h-0FFhx8 -ACONST=00h-0FFhx8 \
  -AENTRY=00h-0FFhx8 -ACOMMON=070h-07Fh -ABANK0=020h-06Fh -ABANK1=0A0h-0BFh \
  -ABIGRAM=02000h-0206Fh -ARAM=020h-06Fh,0A0h-0BFh \
  -AABS1=020h-07Fh,0A0h-0BFh -ASFR0=00h-01Fh -ASFR1=080h-09Fh \
  -ASFR2=0100h-016Fh -ASFR3=0180h-01EFh -ASFR4=0200h-026Fh \
  -ASFR5=0280h-02EFh -ASFR6=0300h-036Fh -ASFR7=0380h-03EFh \
  -ASFR8=0400h-046Fh -ASFR9=0480h-04EFh -ASFR10=0500h-056Fh \
  -ASFR11=0580h-05EFh -ASFR12=0600h-066Fh -ASFR13=0680h-06EFh \
  -ASFR14=0700h-076Fh -ASFR15=0780h-07EFh -ASFR16=0800h-086Fh \
  -ASFR17=0880h-08EFh -ASFR18=0900h-096Fh -ASFR19=0980h-09EFh \
  -ASFR20=0A00h-0A6Fh -ASFR21=0A80h-0AEFh -ASFR22=0B00h-0B6Fh \
  -ASFR23=0B80h-0BEFh -ASFR24=0C00h-0C6Fh -ASFR25=0C80h-0CEFh \
  -ASFR26=0D00h-0D6Fh -ASFR27=0D80h-0DEFh -ASFR28=0E00h-0E6Fh \
  -ASFR29=0E80h-0EEFh -ASFR30=0F00h-0F6Fh -ASFR31=0F80h-0FEFh \
  -preset_vec=00h,intentry=04h,init,end_init -ppowerup=CODE -pcinit=CODE \
  -pfunctab=ENTRY -ACONFIG=08007h-08008h -pconfig=CONFIG -DCONFIG=2 \
  -AIDLOC=08000h-08003h -pidloc=IDLOC -DIDLOC=2 -AEEDATA=00h-0FFh/0F000h \
  -peeprom_data=EEDATA -DEEDATA=2 -DCODE=2 -DSTRCODE=2 -DSTRING=2 -DCONST=2 \
  -DENTRY=2 -k /tmp/xcXCPt1Yc.obj \
  dist/default/production/SpotLight_LED.X.production.obj 

Object code version is 3.11

Machine type is 12F1822



                Name                               Link     Load   Length Selector   Space Scale
/tmp/xcXCPt1Yc.obj
                end_init                             23       23        1        8       0
                reset_vec                             0        0        1        0       0
                config                             8007     8007        2    1000E       0
dist/default/production/SpotLight_LED.X.production.obj
                cinit                                24       24        E        8       0
                intentry                              4        4       1F        8       0
                text14                              283      283        B      506       0
                text13                              1EC      1EC       27        8       0
                text12                              172      172       2B        8       0
                text11                               AA       AA       52        8       0
                text9                               26A      26A        D      4D4       0
                text8                               22A      22A       13        8       0
                text7                               213      213       17        8       0
                text6                               1C5      1C5       27        8       0
                text5                               24D      24D        F      49A       0
                text4                               139      139       39        8       0
                text3                                32       32       78        8       0
                text2                               29E      29E        5      530       0
                text1                               19D      19D       28        8       0
                maintext                             FC       FC       3D        8       0
                cstackBANK0                          42       42       12       20       1
                cstackCOMMON                         75       75        5       70       1
                clrtext                             298      298        6      530       0
                bssBANK0                             20       20       22       20       1
                bssCOMMON                            70       70        5       70       1
                stringtext5                         2A3      2A3        2      546       0
                stringtext4                         277      277        C      4EE       0
                stringtext3                         25C      25C        E      4B8       0
                nvBANK0                              54       54        1       20       1
                stringtext2                         28E      28E        A      51C       0
                stringtext1                         23D      23D       10      47A       0

TOTAL           Name                               Link     Load   Length     Space
        CLASS   STACK          

        CLASS   CODE           
                end_init                             23       23        1         0
                cinit                                24       24        E         0
                intentry                              4        4       1F         0
                reset_vec                             0        0        1         0
                text14                              283      283        B         0
                text13                              1EC      1EC       27         0
                text12                              172      172       2B         0
                text11                               AA       AA       52         0
                text9                               26A      26A        D         0
                text8                               22A      22A       13         0
                text7                               213      213       17         0
                text6                               1C5      1C5       27         0
                text5                               24D      24D        F         0
                text4                               139      139       39         0
                text3                                32       32       78         0
                text2                               29E      29E        5         0
                text1                               19D      19D       28         0
                maintext                             FC       FC       3D         0
                clrtext                             298      298        6         0

        CLASS   STRCODE        
                stringtext5                         2A3      2A3        2         0
                stringtext4                         277      277        C         0
                stringtext3                         25C      25C        E         0
                stringtext2                         28E      28E        A         0
                stringtext1                         23D      23D       10         0

        CLASS   STRING         

        CLASS   CONST          

        CLASS   ENTRY          

        CLASS   COMMON         
                cstackCOMMON                         75       75        5         1
                bssCOMMON                            70       70        5         1

        CLASS   BANK0          
                cstackBANK0                          42       42       12         1
                bssBANK0                             20       20       22         1
                nvBANK0                              54       54        1         1

        CLASS   BANK1          

        CLASS   BIGRAM         

        CLASS   RAM            

        CLASS   ABS1           
                abs_s1                               7E       7E        2         1

        CLASS   SFR0           

        CLASS   SFR1           

        CLASS   SFR2           

        CLASS   SFR3           

        CLASS   SFR4           

        CLASS   SFR5           

        CLASS   SFR6           

        CLASS   SFR7           

        CLASS   SFR8           

        CLASS   SFR9           

        CLASS   SFR10          

        CLASS   SFR11          

        CLASS   SFR12          

        CLASS   SFR13          

        CLASS   SFR14          

        CLASS   SFR15          

        CLASS   SFR16          

        CLASS   SFR17          

        CLASS   SFR18          

        CLASS   SFR19          

        CLASS   SFR20          

        CLASS   SFR21          

        CLASS   SFR22          

        CLASS   SFR23          

        CLASS   SFR24          

        CLASS   SFR25          

        CLASS   SFR26          

        CLASS   SFR27          

        CLASS   SFR28          

        CLASS   SFR29          

        CLASS   SFR30          

        CLASS   SFR31          

        CLASS   CONFIG         
                config                             8007     8007        2         0

        CLASS   IDLOC          

        CLASS   EEDATA         

        CLASS   BANK31         

        CLASS   BANK30         

        CLASS   BANK29         

        CLASS   BANK28         

        CLASS   BANK27         

        CLASS   BANK26         

        CLASS   BANK25         

        CLASS   BANK24         

        CLASS   BANK23         

        CLASS   BANK22         

        CLASS   BANK21         

        CLASS   BANK20         

        CLASS   BANK19         

        CLASS   BANK18         

        CLASS   BANK17         

        CLASS   BANK16         

        CLASS   BANK15         

        CLASS   BANK14         

        CLASS   BANK13         

        CLASS   BANK12         

        CLASS   BANK11         

        CLASS   BANK10         

        CLASS   BANK9          

        CLASS   BANK8          

        CLASS   BANK7          

        CLASS   BANK6          

        CLASS   BANK5          

        CLASS   BANK4          

        CLASS   BANK3          

        CLASS   BANK2          



SEGMENTS        Name                           Load    Length   Top    Selector   Space  Class     Delta

                reset_vec                      000000  000001  000001         0       0  CODE        2
                intentry                       000004  000239  00023D         8       0  CODE        2
                bssBANK0                       000020  000035  000055        20       1  BANK0       1
                bssCOMMON                      000070  00000A  00007A        70       1  COMMON      1
                stringtext1                    00023D  000010  00024D       47A       0  STRCODE     2
                text5                          00024D  00000F  00025C       49A       0  CODE        2
                stringtext3                    00025C  00000E  00026A       4B8       0  STRCODE     2
                text9                          00026A  00000D  000277       4D4       0  CODE        2
                stringtext4                    000277  00000C  000283       4EE       0  STRCODE     2
                text14                         000283  00000B  00028E       506       0  CODE        2
                stringtext2                    00028E  00000A  000298       51C       0  STRCODE     2
                clrtext                        000298  00000B  0002A3       530       0  CODE        2
                stringtext5                    0002A3  000002  0002A5       546       0  STRCODE     2
                config                         008007  000002  008009     1000E       0  CONFIG      2


UNUSED ADDRESS RANGES

        Name                Unused          Largest block    Delta
        BANK0            00055-0006F              1B           1
        BANK1            000A0-000BF              20           1
        BIGRAM           02000-0206F              70           1
        CODE             00001-00003               3           2
                         002A5-007FF             55B
        COMMON           0007A-0007D               4           1
        CONST            00001-00003               3           2
                         002A5-007FF             100
        EEDATA           0F000-0F0FF             100           2
        ENTRY            00001-00003               3           2
                         002A5-007FF             100
        IDLOC            08000-08003               4           2
        RAM              00055-0006F              1B           1
                         000A0-000BF              20
        SFR0             00000-0001F              20           1
        SFR1             00080-0009F              20           1
        SFR10            00500-0056F              70           1
        SFR11            00580-005EF              70           1
        SFR12            00600-0066F              70           1
        SFR13            00680-006EF              70           1
        SFR14            00700-0076F              70           1
        SFR15            00780-007EF              70           1
        SFR16            00800-0086F              70           1
        SFR17            00880-008EF              70           1
        SFR18            00900-0096F              70           1
        SFR19            00980-009EF              70           1
        SFR2             00100-0016F              70           1
        SFR20            00A00-00A6F              70           1
        SFR21            00A80-00AEF              70           1
        SFR22            00B00-00B6F              70           1
        SFR23            00B80-00BEF              70           1
        SFR24            00C00-00C6F              70           1
        SFR25            00C80-00CEF              70           1
        SFR26            00D00-00D6F              70           1
        SFR27            00D80-00DEF              70           1
        SFR28            00E00-00E6F              70           1
        SFR29            00E80-00EEF              70           1
        SFR3             00180-001EF              70           1
        SFR30            00F00-00F6F              70           1
        SFR31            00F80-00FEF              70           1
        SFR4             00200-0026F              70           1
        SFR5             00280-002EF              70           1
        SFR6             00300-0036F              70           1
        SFR7             00380-003EF              70           1
        SFR8             00400-0046F              70           1
        SFR9             00480-004EF              70           1
        STACK            02035-0206F              3B           1
        STRCODE          00001-00003               3           2
                         002A5-007FF             55B
        STRING           00001-00003               3           2
                         002A5-007FF             100

                                  Symbol Table

Handler@Interval            bssBANK0     00040
PWM_Init@PMW_Init_PORT      cstackBANK0  00043
PWM_Init@period             cstackBANK0  00046
PWM_Init@pre_val            cstackBANK0  00045
Timer0_Init@pre_val         cstackBANK0  00044
Timer0_Init@reload_val      cstackBANK0  00042
UART_Init@UART_Init_PORT    cstackBANK0  00043
UART_Init@brg               cstackBANK0  00045
UART_Interrupt@dt           cstackCOMMON 00076
UART_Interrupt@x            cstackCOMMON 00077
_ANSELA                     (abs)        0018C
_APFCON                     (abs)        0011D
_BRG16                      (abs)        00CFB
_Basic_Init                 text9        0026A
_CCP1CON                    (abs)        00293
_CCPR1L                     (abs)        00291
_CPSCON0                    (abs)        0001E
_CPSCON1                    (abs)        0001F
_CREN                       (abs)        00CEC
_GIE                        (abs)        0005F
_Handler                    intentry     00004
_LATA5                      (abs)        00865
_OERR                       (abs)        00CE9
_OPTION_REG                 (abs)        00095
_OSCCON                     (abs)        00099
_PEIE                       (abs)        0005E
_PORTA                      (abs)        0000C
_PR2                        (abs)        0001B
_PWM_Init                   text7        00213
_PWM_Init_Port              text8        0022A
_RCIE                       (abs)        0048D
_RCIF                       (abs)        0008D
_RCREG                      (abs)        00199
_RCSTA                      (abs)        0019D
_SPBRGH                     (abs)        0019C
_SPBRGL                     (abs)        0019B
_SPEN                       (abs)        00CEF
_T1CON                      (abs)        00018
_T1GCON                     (abs)        00019
_T2CON                      (abs)        0001C
_TMR0                       (abs)        00015
_TMR0IE                     (abs)        0005D
_TMR0IF                     (abs)        0005A
_TMR0_ReloadTemp            nvBANK0      00054
_TMR1                       (abs)        00016
_TMR2                       (abs)        0001A
_TRISA                      (abs)        0008C
_TXIF                       (abs)        0008C
_TXREG                      (abs)        0019A
_TXSTA                      (abs)        0019E
_Timer0_CheckFlag           text14       00283
_Timer0_Init                text6        001C5
_UART_Buffer                bssBANK0     00020
_UART_Buffer_inptr          bssCOMMON    00074
_UART_Buffer_outptr         bssCOMMON    00073
_UART_Init                  text4        00139
_UART_Init_Port             text5        0024D
_UART_Interrupt             text13       001EC
_WPUA                       (abs)        0020C
__CFG_BOREN$OFF             (abs)        00000
__CFG_BORV$LO               (abs)        00000
__CFG_CLKOUTEN$OFF          (abs)        00000
__CFG_CP$OFF                (abs)        00000
__CFG_CPD$OFF               (abs)        00000
__CFG_FCMEN$OFF             (abs)        00000
__CFG_FOSC$INTOSC           (abs)        00000
__CFG_IESO$OFF              (abs)        00000
__CFG_LVP$OFF               (abs)        00000
__CFG_MCLRE$ON              (abs)        00000
__CFG_PLLEN$ON              (abs)        00000
__CFG_PWRTE$OFF             (abs)        00000
__CFG_STVREN$OFF            (abs)        00000
__CFG_WDTE$OFF              (abs)        00000
__CFG_WRT$OFF               (abs)        00000
__Habs1                     abs1         00000
__Hbank0                    bank0        00000
__Hbank1                    bank1        00000
__Hbank10                   bank10       00000
__Hbank11                   bank11       00000
__Hbank12                   bank12       00000
__Hbank13                   bank13       00000
__Hbank14                   bank14       00000
__Hbank15                   bank15       00000
__Hbank16                   bank16       00000
__Hbank17                   bank17       00000
__Hbank18                   bank18       00000
__Hbank19                   bank19       00000
__Hbank2                    bank2        00000
__Hbank20                   bank20       00000
__Hbank21                   bank21       00000
__Hbank22                   bank22       00000
__Hbank23                   bank23       00000
__Hbank24                   bank24       00000
__Hbank25                   bank25       00000
__Hbank26                   bank26       00000
__Hbank27                   bank27       00000
__Hbank28                   bank28       00000
__Hbank29                   bank29       00000
__Hbank3                    bank3        00000
__Hbank30                   bank30       00000
__Hbank31                   bank31       00000
__Hbank4                    bank4        00000
__Hbank5                    bank5        00000
__Hbank6                    bank6        00000
__Hbank7                    bank7        00000
__Hbank8                    bank8        00000
__Hbank9                    bank9        00000
__Hbigram                   bigram       00000
__HbssBANK0                 bssBANK0     00000
__HbssCOMMON                bssCOMMON    00000
__Hcinit                    cinit        00032
__Hclrtext                  clrtext      00000
__Hcode                     code         00000
__Hcommon                   common       00000
__Hconfig                   config       08009
__HcstackBANK0              cstackBANK0  00000
__HcstackCOMMON             cstackCOMMON 00000
__Heeprom_data              eeprom_data  00000
__Hend_init                 end_init     00024
__Hfunctab                  functab      00000
__Hidloc                    idloc        00000
__Hinit                     init         00023
__Hintentry                 intentry     00023
__Hmaintext                 maintext     00000
__HnvBANK0                  nvBANK0      00000
__Hpowerup                  powerup      00000
__Hram                      ram          00000
__Hreset_vec                reset_vec    00001
__Hsfr0                     sfr0         00000
__Hsfr1                     sfr1         00000
__Hsfr10                    sfr10        00000
__Hsfr11                    sfr11        00000
__Hsfr12                    sfr12        00000
__Hsfr13                    sfr13        00000
__Hsfr14                    sfr14        00000
__Hsfr15                    sfr15        00000
__Hsfr16                    sfr16        00000
__Hsfr17                    sfr17        00000
__Hsfr18                    sfr18        00000
__Hsfr19                    sfr19        00000
__Hsfr2                     sfr2         00000
__Hsfr20                    sfr20        00000
__Hsfr21                    sfr21        00000
__Hsfr22                    sfr22        00000
__Hsfr23                    sfr23        00000
__Hsfr24                    sfr24        00000
__Hsfr25                    sfr25        00000
__Hsfr26                    sfr26        00000
__Hsfr27                    sfr27        00000
__Hsfr28                    sfr28        00000
__Hsfr29                    sfr29        00000
__Hsfr3                     sfr3         00000
__Hsfr30                    sfr30        00000
__Hsfr31                    sfr31        00000
__Hsfr4                     sfr4         00000
__Hsfr5                     sfr5         00000
__Hsfr6                     sfr6         00000
__Hsfr7                     sfr7         00000
__Hsfr8                     sfr8         00000
__Hsfr9                     sfr9         00000
__Hspace_0                  (abs)        08009
__Hspace_1                  (abs)        0007A
__Hspace_2                  (abs)        00000
__Hspace_3                  (abs)        00000
__Hstack                    stack        00000
__Hstrings                  strings      00000
__Hstringtext1              stringtext1  00000
__Hstringtext2              stringtext2  00000
__Hstringtext3              stringtext3  00000
__Hstringtext4              stringtext4  00000
__Hstringtext5              stringtext5  00000
__Hstringtext6              stringtext6  00000
__Htext                     text         00000
__Labs1                     abs1         00000
__Lbank0                    bank0        00000
__Lbank1                    bank1        00000
__Lbank10                   bank10       00000
__Lbank11                   bank11       00000
__Lbank12                   bank12       00000
__Lbank13                   bank13       00000
__Lbank14                   bank14       00000
__Lbank15                   bank15       00000
__Lbank16                   bank16       00000
__Lbank17                   bank17       00000
__Lbank18                   bank18       00000
__Lbank19                   bank19       00000
__Lbank2                    bank2        00000
__Lbank20                   bank20       00000
__Lbank21                   bank21       00000
__Lbank22                   bank22       00000
__Lbank23                   bank23       00000
__Lbank24                   bank24       00000
__Lbank25                   bank25       00000
__Lbank26                   bank26       00000
__Lbank27                   bank27       00000
__Lbank28                   bank28       00000
__Lbank29                   bank29       00000
__Lbank3                    bank3        00000
__Lbank30                   bank30       00000
__Lbank31                   bank31       00000
__Lbank4                    bank4        00000
__Lbank5                    bank5        00000
__Lbank6                    bank6        00000
__Lbank7                    bank7        00000
__Lbank8                    bank8        00000
__Lbank9                    bank9        00000
__Lbigram                   bigram       00000
__LbssBANK0                 bssBANK0     00000
__LbssCOMMON                bssCOMMON    00000
__Lcinit                    cinit        00024
__Lclrtext                  clrtext      00000
__Lcode                     code         00000
__Lcommon                   common       00000
__Lconfig                   config       08007
__LcstackBANK0              cstackBANK0  00000
__LcstackCOMMON             cstackCOMMON 00000
__Leeprom_data              eeprom_data  00000
__Lend_init                 end_init     00023
__Lfunctab                  functab      00000
__Lidloc                    idloc        00000
__Linit                     init         00023
__Lintentry                 intentry     00004
__Lmaintext                 maintext     00000
__LnvBANK0                  nvBANK0      00000
__Lpowerup                  powerup      00000
__Lram                      ram          00000
__Lreset_vec                reset_vec    00000
__Lsfr0                     sfr0         00000
__Lsfr1                     sfr1         00000
__Lsfr10                    sfr10        00000
__Lsfr11                    sfr11        00000
__Lsfr12                    sfr12        00000
__Lsfr13                    sfr13        00000
__Lsfr14                    sfr14        00000
__Lsfr15                    sfr15        00000
__Lsfr16                    sfr16        00000
__Lsfr17                    sfr17        00000
__Lsfr18                    sfr18        00000
__Lsfr19                    sfr19        00000
__Lsfr2                     sfr2         00000
__Lsfr20                    sfr20        00000
__Lsfr21                    sfr21        00000
__Lsfr22                    sfr22        00000
__Lsfr23                    sfr23        00000
__Lsfr24                    sfr24        00000
__Lsfr25                    sfr25        00000
__Lsfr26                    sfr26        00000
__Lsfr27                    sfr27        00000
__Lsfr28                    sfr28        00000
__Lsfr29                    sfr29        00000
__Lsfr3                     sfr3         00000
__Lsfr30                    sfr30        00000
__Lsfr31                    sfr31        00000
__Lsfr4                     sfr4         00000
__Lsfr5                     sfr5         00000
__Lsfr6                     sfr6         00000
__Lsfr7                     sfr7         00000
__Lsfr8                     sfr8         00000
__Lsfr9                     sfr9         00000
__Lspace_0                  (abs)        00000
__Lspace_1                  (abs)        00000
__Lspace_2                  (abs)        00000
__Lspace_3                  (abs)        00000
__Lstack                    stack        00000
__Lstrings                  strings      00000
__Lstringtext1              stringtext1  00000
__Lstringtext2              stringtext2  00000
__Lstringtext3              stringtext3  00000
__Lstringtext4              stringtext4  00000
__Lstringtext5              stringtext5  00000
__Lstringtext6              stringtext6  00000
__Ltext                     text         00000
__S0                        (abs)        08009
__S1                        (abs)        0007A
__S2                        (abs)        00000
__S3                        (abs)        00000
___int_sp                   stack        00000
___latbits                  (abs)        00000
___sp                       stack        00000
__end_of_Basic_Init         text9        00277
__end_of_Handler            intentry     00023
__end_of_PWM_Init           text7        0022A
__end_of_PWM_Init_Port      text8        0023D
__end_of_Timer0_CheckFlag   text14       0028E
__end_of_Timer0_Init        text6        001EC
__end_of_UART_Init          text4        00172
__end_of_UART_Init_Port     text5        0025C
__end_of_UART_Interrupt     text13       00213
__end_of__initialization    cinit        0002F
__end_of_baudtable          stringtext1  0024D
__end_of_dpowers            stringtext2  00298
__end_of_mTouch_Check       text3        000AA
__end_of_mTouch_Count1ms    text12       0019D
__end_of_mTouch_Init        text1        001C5
__end_of_mTouch_Init_Port   text2        002A3
__end_of_mTouch_Scan        text11       000FC
__end_of_main               maintext     00139
__initialization            cinit        00024
__pbssBANK0                 bssBANK0     00020
__pbssCOMMON                bssCOMMON    00070
__pcstackBANK0              cstackBANK0  00042
__pcstackCOMMON             cstackCOMMON 00075
__pintentry                 intentry     00004
__pmaintext                 maintext     000FC
__pnvBANK0                  nvBANK0      00054
__pstringtext1              stringtext1  0023D
__pstringtext2              stringtext2  0028E
__pstringtext3              stringtext3  0025C
__pstringtext4              stringtext4  00277
__pstringtext5              stringtext5  002A3
__pstringtext6              stringtext6  00000
__ptext1                    text1        0019D
__ptext11                   text11       000AA
__ptext12                   text12       00172
__ptext13                   text13       001EC
__ptext14                   text14       00283
__ptext2                    text2        0029E
__ptext3                    text3        00032
__ptext4                    text4        00139
__ptext5                    text5        0024D
__ptext6                    text6        001C5
__ptext7                    text7        00213
__ptext8                    text8        0022A
__ptext9                    text9        0026A
__size_of_Basic_Init        (abs)        00000
__size_of_Handler           (abs)        00000
__size_of_PWM_Init          (abs)        00000
__size_of_PWM_Init_Port     (abs)        00000
__size_of_Timer0_CheckFlag  (abs)        00000
__size_of_Timer0_Init       (abs)        00000
__size_of_UART_Init         (abs)        00000
__size_of_UART_Init_Port    (abs)        00000
__size_of_UART_Interrupt    (abs)        00000
__size_of_mTouch_Check      (abs)        00000
__size_of_mTouch_Count1ms   (abs)        00000
__size_of_mTouch_Init       (abs)        00000
__size_of_mTouch_Init_Port  (abs)        00000
__size_of_mTouch_Scan       (abs)        00000
__size_of_main              (abs)        00000
_baudtable                  stringtext1  0023D
_config_ptr                 bssCOMMON    00072
_dpowers                    stringtext2  0028E
_mTouch_Check               text3        00032
_mTouch_Count1ms            text12       00172
_mTouch_Init                text1        0019D
_mTouch_Init_Port           text2        0029E
_mTouch_Scan                text11       000AA
_main                       maintext     000FC
_using_channel              bssCOMMON    00071
btemp                       (abs)        0007E
clear_ram0                  clrtext      00298
end_of_initialization       cinit        0002F
int$flags                   (abs)        0007E
intlevel0                   functab      00000
intlevel1                   functab      00000
intlevel2                   functab      00000
intlevel3                   functab      00000
intlevel4                   functab      00000
intlevel5                   functab      00000
mTouch_Check@DifferValue    cstackBANK0  00048
mTouch_Check@elements       cstackBANK0  0004A
mTouch_Count1ms@elements    cstackCOMMON 00077
mTouch_Init@cps_config      cstackBANK0  00044
mTouch_Init@mTouch_PortInit cstackBANK0  00042
mTouch_Init@num_of_channel  cstackBANK0  00045
mTouch_Scan@elements        bssCOMMON    00070
main@cps_conf               cstackBANK0  0004C
reset_vec                   reset_vec    00000
stackhi                     (abs)        0206F
stacklo                     (abs)        02035
start                       init         00023
start_initialization        cinit        00024
wtemp0                      (abs)        0007E


FUNCTION INFORMATION:

 *************** function _main *****************
 Defined at:
		line 16 in file "main.c"
 Parameters:    Size  Location     Type
		None
 Auto vars:     Size  Location     Type
  cps_conf        8   10[BANK0 ] struct .[1]
 Return value:  Size  Location     Type
                  1    wreg      void 
 Registers used:
		wreg, fsr0l, fsr0h, fsr1l, fsr1h, status,2, status,0, pclath, cstack
 Tracked objects:
		On entry : 
		On exit  : 
		Unchanged: 
 Data sizes:     COMMON   BANK0   BANK1
      Params:         0       0       0
      Locals:         0       8       0
      Temps:          0       1       0
      Totals:         0       9       0
Total ram usage:        9 bytes
 Hardware stack levels required when called:    4
 This function calls:
		_Basic_Init
		_PWM_Init
		_Timer0_Init
		_UART_Init
		_mTouch_Check
		_mTouch_Init
 This function is called by:
		Startup code after reset
 This function uses a non-reentrant model


 *************** function _mTouch_Init *****************
 Defined at:
		line 6 in file "PIC_mTouch.c"
 Parameters:    Size  Location     Type
  mTouch_PortI    2    0[BANK0 ] PTR FTN()void 
		 -> mTouch_Init_Port(1), 
  cps_config      1    2[BANK0 ] PTR struct .
		 -> main@cps_conf(8), 
  num_of_chann    1    3[BANK0 ] unsigned char 
 Auto vars:     Size  Location     Type
		None
 Return value:  Size  Location     Type
                  1    wreg      void 
 Registers used:
		wreg, status,2, status,0, pclath, cstack
 Tracked objects:
		On entry : 
		On exit  : 
		Unchanged: 
 Data sizes:     COMMON   BANK0   BANK1
      Params:         0       4       0
      Locals:         0       0       0
      Temps:          0       1       0
      Totals:         0       5       0
Total ram usage:        5 bytes
 Hardware stack levels used:    1
 Hardware stack levels required when called:    3
 This function calls:
		_mTouch_Init_Port
 This function is called by:
		_main
 This function uses a non-reentrant model


 *************** function _mTouch_Init_Port *****************
 Defined at:
		line 95 in file "main.c"
 Parameters:    Size  Location     Type
		None
 Auto vars:     Size  Location     Type
		None
 Return value:  Size  Location     Type
                  1    wreg      void 
 Registers used:
		None
 Tracked objects:
		On entry : 
		On exit  : 
		Unchanged: 
 Data sizes:     COMMON   BANK0   BANK1
      Params:         0       0       0
      Locals:         0       0       0
      Temps:          0       0       0
      Totals:         0       0       0
Total ram usage:        0 bytes
 Hardware stack levels used:    1
 Hardware stack levels required when called:    2
 This function calls:
		Nothing
 This function is called by:
		_main
		_mTouch_Init
 This function uses a non-reentrant model


 *************** function _mTouch_Check *****************
 Defined at:
		line 60 in file "PIC_mTouch.c"
 Parameters:    Size  Location     Type
  elements        1    wreg     unsigned char 
 Auto vars:     Size  Location     Type
  elements        1    8[BANK0 ] unsigned char 
  DifferValue     2    6[BANK0 ] int 
 Return value:  Size  Location     Type
                  1    wreg      unsigned char 
 Registers used:
		wreg, fsr0l, fsr0h, fsr1l, fsr1h, status,2, status,0
 Tracked objects:
		On entry : 
		On exit  : 
		Unchanged: 
 Data sizes:     COMMON   BANK0   BANK1
      Params:         0       0       0
      Locals:         0       3       0
      Temps:          0       6       0
      Totals:         0       9       0
Total ram usage:        9 bytes
 Hardware stack levels used:    1
 Hardware stack levels required when called:    2
 This function calls:
		Nothing
 This function is called by:
		_main
 This function uses a non-reentrant model


 *************** function _UART_Init *****************
 Defined at:
		line 37 in file "PIC_UART.c"
 Parameters:    Size  Location     Type
  UART_Init_PO    2    1[BANK0 ] PTR FTN()void 
		 -> UART_Init_Port(1), 
  brg             1    3[BANK0 ] enum E2328
 Auto vars:     Size  Location     Type
		None
 Return value:  Size  Location     Type
                  1    wreg      void 
 Registers used:
		wreg, fsr0l, fsr0h, status,2, status,0, pclath, cstack
 Tracked objects:
		On entry : 
		On exit  : 
		Unchanged: 
 Data sizes:     COMMON   BANK0   BANK1
      Params:         0       3       0
      Locals:         0       0       0
      Temps:          0       4       0
      Totals:         0       7       0
Total ram usage:        7 bytes
 Hardware stack levels used:    1
 Hardware stack levels required when called:    3
 This function calls:
		_UART_Init_Port
 This function is called by:
		_main
 This function uses a non-reentrant model


 *************** function _UART_Init_Port *****************
 Defined at:
		line 81 in file "main.c"
 Parameters:    Size  Location     Type
		None
 Auto vars:     Size  Location     Type
		None
 Return value:  Size  Location     Type
                  1    wreg      void 
 Registers used:
		wreg, status,2, status,0
 Tracked objects:
		On entry : 
		On exit  : 
		Unchanged: 
 Data sizes:     COMMON   BANK0   BANK1
      Params:         0       0       0
      Locals:         0       0       0
      Temps:          0       1       0
      Totals:         0       1       0
Total ram usage:        1 bytes
 Hardware stack levels used:    1
 Hardware stack levels required when called:    2
 This function calls:
		Nothing
 This function is called by:
		_main
		_UART_Init
 This function uses a non-reentrant model


 *************** function _Timer0_Init *****************
 Defined at:
		line 5 in file "PIC_Timer0.c"
 Parameters:    Size  Location     Type
  pre_val         1    wreg     enum E2341
  reload_val      1    0[BANK0 ] unsigned char 
 Auto vars:     Size  Location     Type
  pre_val         1    2[BANK0 ] enum E2341
 Return value:  Size  Location     Type
                  1    wreg      void 
 Registers used:
		wreg, status,2, status,0
 Tracked objects:
		On entry : 
		On exit  : 
		Unchanged: 
 Data sizes:     COMMON   BANK0   BANK1
      Params:         0       1       0
      Locals:         0       1       0
      Temps:          0       1       0
      Totals:         0       3       0
Total ram usage:        3 bytes
 Hardware stack levels used:    1
 Hardware stack levels required when called:    2
 This function calls:
		Nothing
 This function is called by:
		_main
 This function uses a non-reentrant model


 *************** function _PWM_Init *****************
 Defined at:
		line 3 in file "PIC_PWM.c"
 Parameters:    Size  Location     Type
  PMW_Init_POR    2    1[BANK0 ] PTR FTN()void 
		 -> PWM_Init_Port(1), 
  pre_val         1    3[BANK0 ] enum E2341
  period          1    4[BANK0 ] unsigned char 
 Auto vars:     Size  Location     Type
		None
 Return value:  Size  Location     Type
                  1    wreg      void 
 Registers used:
		wreg, status,2, status,0, pclath, cstack
 Tracked objects:
		On entry : 
		On exit  : 
		Unchanged: 
 Data sizes:     COMMON   BANK0   BANK1
      Params:         0       4       0
      Locals:         0       0       0
      Temps:          0       1       0
      Totals:         0       5       0
Total ram usage:        5 bytes
 Hardware stack levels used:    1
 Hardware stack levels required when called:    3
 This function calls:
		_PWM_Init_Port
 This function is called by:
		_main
 This function uses a non-reentrant model


 *************** function _PWM_Init_Port *****************
 Defined at:
		line 88 in file "main.c"
 Parameters:    Size  Location     Type
		None
 Auto vars:     Size  Location     Type
		None
 Return value:  Size  Location     Type
                  1    wreg      void 
 Registers used:
		wreg, status,2, status,0
 Tracked objects:
		On entry : 
		On exit  : 
		Unchanged: 
 Data sizes:     COMMON   BANK0   BANK1
      Params:         0       0       0
      Locals:         0       0       0
      Temps:          0       1       0
      Totals:         0       1       0
Total ram usage:        1 bytes
 Hardware stack levels used:    1
 Hardware stack levels required when called:    2
 This function calls:
		Nothing
 This function is called by:
		_main
		_PWM_Init
 This function uses a non-reentrant model


 *************** function _Basic_Init *****************
 Defined at:
		line 46 in file "main.c"
 Parameters:    Size  Location     Type
		None
 Auto vars:     Size  Location     Type
		None
 Return value:  Size  Location     Type
                  1    wreg      void 
 Registers used:
		wreg, status,2
 Tracked objects:
		On entry : 
		On exit  : 
		Unchanged: 
 Data sizes:     COMMON   BANK0   BANK1
      Params:         0       0       0
      Locals:         0       0       0
      Temps:          0       0       0
      Totals:         0       0       0
Total ram usage:        0 bytes
 Hardware stack levels used:    1
 Hardware stack levels required when called:    2
 This function calls:
		Nothing
 This function is called by:
		_main
 This function uses a non-reentrant model


 *************** function _Handler *****************
 Defined at:
		line 63 in file "main.c"
 Parameters:    Size  Location     Type
		None
 Auto vars:     Size  Location     Type
		None
 Return value:  Size  Location     Type
                  1    wreg      void 
 Registers used:
		wreg, fsr0l, fsr0h, fsr1l, fsr1h, status,2, status,0, pclath, cstack
 Tracked objects:
		On entry : 
		On exit  : 
		Unchanged: 
 Data sizes:     COMMON   BANK0   BANK1
      Params:         0       0       0
      Locals:         0       0       0
      Temps:          1       0       0
      Totals:         1       0       0
Total ram usage:        1 bytes
 Hardware stack levels used:    1
 Hardware stack levels required when called:    1
 This function calls:
		_Timer0_CheckFlag
		_UART_Interrupt
		_mTouch_Count1ms
		_mTouch_Scan
 This function is called by:
		Interrupt level 1
 This function uses a non-reentrant model


 *************** function _mTouch_Scan *****************
 Defined at:
		line 33 in file "PIC_mTouch.c"
 Parameters:    Size  Location     Type
		None
 Auto vars:     Size  Location     Type
		None
 Return value:  Size  Location     Type
                  1    wreg      void 
 Registers used:
		wreg, fsr0l, fsr0h, fsr1l, fsr1h, status,2, status,0
 Tracked objects:
		On entry : 
		On exit  : 
		Unchanged: 
 Data sizes:     COMMON   BANK0   BANK1
      Params:         0       0       0
      Locals:         0       0       0
      Temps:          4       0       0
      Totals:         4       0       0
Total ram usage:        4 bytes
 Hardware stack levels used:    1
 This function calls:
		Nothing
 This function is called by:
		_Handler
 This function uses a non-reentrant model


 *************** function _mTouch_Count1ms *****************
 Defined at:
		line 51 in file "PIC_mTouch.c"
 Parameters:    Size  Location     Type
		None
 Auto vars:     Size  Location     Type
  elements        1    2[COMMON] unsigned char 
 Return value:  Size  Location     Type
                  1    wreg      void 
 Registers used:
		wreg, fsr1l, fsr1h, status,2, status,0
 Tracked objects:
		On entry : 
		On exit  : 
		Unchanged: 
 Data sizes:     COMMON   BANK0   BANK1
      Params:         0       0       0
      Locals:         1       0       0
      Temps:          2       0       0
      Totals:         3       0       0
Total ram usage:        3 bytes
 Hardware stack levels used:    1
 This function calls:
		Nothing
 This function is called by:
		_Handler
 This function uses a non-reentrant model


 *************** function _UART_Interrupt *****************
 Defined at:
		line 107 in file "PIC_UART.c"
 Parameters:    Size  Location     Type
		None
 Auto vars:     Size  Location     Type
  x               1    2[COMMON] unsigned char 
  dt              1    1[COMMON] unsigned char 
 Return value:  Size  Location     Type
                  1    wreg      void 
 Registers used:
		wreg, fsr1l, fsr1h, status,2, status,0
 Tracked objects:
		On entry : 
		On exit  : 
		Unchanged: 
 Data sizes:     COMMON   BANK0   BANK1
      Params:         0       0       0
      Locals:         2       0       0
      Temps:          1       0       0
      Totals:         3       0       0
Total ram usage:        3 bytes
 Hardware stack levels used:    1
 This function calls:
		Nothing
 This function is called by:
		_Handler
 This function uses a non-reentrant model


 *************** function _Timer0_CheckFlag *****************
 Defined at:
		line 21 in file "PIC_Timer0.c"
 Parameters:    Size  Location     Type
		None
 Auto vars:     Size  Location     Type
		None
 Return value:  Size  Location     Type
                  1    wreg      unsigned char 
 Registers used:
		wreg
 Tracked objects:
		On entry : 
		On exit  : 
		Unchanged: 
 Data sizes:     COMMON   BANK0   BANK1
      Params:         0       0       0
      Locals:         0       0       0
      Temps:          0       0       0
      Totals:         0       0       0
Total ram usage:        0 bytes
 Hardware stack levels used:    1
 This function calls:
		Nothing
 This function is called by:
		_Handler
 This function uses a non-reentrant model



MODULE INFORMATION

Module		Function		Class		Link	Load	Size
PIC_UART.c
		_UART_Init     		CODE           	0139	0000	58
		_UART_Interrupt		CODE           	01EC	0000	40

PIC_UART.c estimated size: 98

shared
		_dpowers       		STRCODE        	028E	0000	11
		__initialization		CODE           	0024	0000	12
		_baudtable     		STRCODE        	023D	0000	17

shared estimated size: 40

PIC_PWM.c
		_PWM_Init      		CODE           	0213	0000	24

PIC_PWM.c estimated size: 24

PIC_Timer0.c
		_Timer0_Init   		CODE           	01C5	0000	40
		_Timer0_CheckFlag		CODE           	0283	0000	12

PIC_Timer0.c estimated size: 52

PIC_mTouch.c
		_mTouch_Scan   		CODE           	00AA	0000	83
		_mTouch_Init   		CODE           	019D	0000	41
		_mTouch_Check  		CODE           	0032	0000	121
		_mTouch_Count1ms		CODE           	0172	0000	44

PIC_mTouch.c estimated size: 289

main.c
		_Handler       		CODE           	0004	0000	32
		_PWM_Init_Port 		CODE           	022A	0000	20
		_mTouch_Init_Port		CODE           	029E	0000	6
		_main          		CODE           	00FC	0000	62
		_UART_Init_Port		CODE           	024D	0000	16
		_Basic_Init    		CODE           	026A	0000	14

main.c estimated size: 150

